04:08:08 **** Incremental Build of configuration Debug for project mpu6050_i2c ****
make -j4 all 
arm-none-eabi-gcc "../Core/Src/main.c" -mcpu=cortex-m3 -std=gnu11 -g3 -DUSE_HAL_DRIVER -DSTM32F103xB -DDEBUG -c -I../Drivers/CMSIS/Device/ST/STM32F1xx/Include -I../Drivers/CMSIS/Include -I../Core/Inc -I../Drivers/STM32F1xx_HAL_Driver/Inc/Legacy -I../Drivers/STM32F1xx_HAL_Driver/Inc -O0 -ffunction-sections -fdata-sections -Wall -fstack-usage -MMD -MP -MF"Core/Src/main.d" -MT"Core/Src/main.o" --specs=nano.specs -mfloat-abi=soft -mthumb -o "Core/Src/main.o"
arm-none-eabi-gcc -o "mpu6050_i2c.elf" @"objects.list"   -mcpu=cortex-m3 -T"C:\Users\luan-\OneDrive\Documentos\docs\study\technology\programming\stm32\cubeide\mpu6050\STM32F103C8TX_FLASH.ld" --specs=nosys.specs -Wl,-Map="mpu6050_i2c.map" -Wl,--gc-sections -static --specs=nano.specs -mfloat-abi=soft -mthumb -Wl,--start-group -lc -lm -Wl,--end-group
Finished building target: mpu6050_i2c.elf
 
arm-none-eabi-objdump -h -S  mpu6050_i2c.elf  > "mpu6050_i2c.list"
arm-none-eabi-objcopy  -O binary  mpu6050_i2c.elf  "mpu6050_i2c.bin"
arm-none-eabi-size   mpu6050_i2c.elf 
   text	   data	    bss	    dec	    hex	filename
  17728	    120	   1768	  19616	   4ca0	mpu6050_i2c.elf
Finished building: default.size.stdout
 
Finished building: mpu6050_i2c.bin
 
Finished building: mpu6050_i2c.list
 
04:08:27 **** Incremental Build of configuration Debug for project mpu6050_i2c ****
make -j4 all 
arm-none-eabi-size   mpu6050_i2c.elf 
   text	   data	    bss	    dec	    hex	filename
  17728	    120	   1768	  19616	   4ca0	mpu6050_i2c.elf
Finished building: default.size.stdout
 
04:11:29 **** Incremental Build of configuration Debug for project mpu6050_i2c ****
make -j4 all 
arm-none-eabi-size   mpu6050_i2c.elf 
   text	   data	    bss	    dec	    hex	filename
  17728	    120	   1768	  19616	   4ca0	mpu6050_i2c.elf
Finished building: default.size.stdout
 
04:13:41 **** Incremental Build of configuration Debug for project mpu6050_i2c ****
make -j4 all 
arm-none-eabi-size   mpu6050_i2c.elf 
   text	   data	    bss	    dec	    hex	filename
  17728	    120	   1768	  19616	   4ca0	mpu6050_i2c.elf
Finished building: default.size.stdout
 
